17:01:05 **** Auto Build of configuration Debug for project EQ_27_band ****
make pre-build main-build 
a9-linaro-pre-build-step
' '
'Building file: ../src/helloworld.c'
'Invoking: ARM v7 gcc compiler'
arm-none-eabi-gcc -Wall -O0 -g3 -c -fmessage-length=0 -MT"src/helloworld.o" -mcpu=cortex-a9 -mfpu=vfpv3 -mfloat-abi=hard -I../../EQ_27_band_bsp/ps7_cortexa9_0/include -MMD -MP -MF"src/helloworld.d" -MT"src/helloworld.o" -o "src/helloworld.o" "../src/helloworld.c"
'Finished building: ../src/helloworld.c'
' '
'Building target: EQ_27_band.elf'
'Invoking: ARM v7 gcc linker'
arm-none-eabi-gcc -mcpu=cortex-a9 -mfpu=vfpv3 -mfloat-abi=hard -Wl,-build-id=none -specs=Xilinx.spec -Wl,-T -Wl,../src/lscript.ld -L../../EQ_27_band_bsp/ps7_cortexa9_0/lib -o "EQ_27_band.elf"  ./src/audio.o ./src/helloworld.o ./src/platform.o   -lm -Wl,--start-group,-lxil,-lgcc,-lc,--end-group
'Finished building target: EQ_27_band.elf'
' '
'Invoking: ARM v7 Print Size'
arm-none-eabi-size EQ_27_band.elf  |tee "EQ_27_band.elf.size"
   text	   data	    bss	    dec	    hex	filename
  91316	   2620	  23648	 117584	  1cb50	EQ_27_band.elf
'Finished building: EQ_27_band.elf.size'
' '

17:01:06 Build Finished (took 720ms)

